// Jest Snapshot v1, https://goo.gl/fbAQLP

exports[`matches snapshot 1`] = `
<DocumentFragment>
  <div
    class="Carousel"
  >
    <h1>
      sample carousel
    </h1>
    <div
      class="Carousel-main"
    >
      <div
        class="Card"
        data-curr-card-idx="0"
        data-testid="card"
      >
        <h4
          class="Card-title"
        />
        <img
          class="Card-image"
        />
        <small
          class="Card-small"
        >
          Image 1 of 1.
        </small>
      </div>
    </div>
  </div>
</DocumentFragment>
`;
